[2026-09-14 09:28:51] local.ERROR: SQLSTATE[HY000]: General error: 1 no such column: code (Connection: sqlite, Database: database/database.sqlite, SQL: update "teams" set "code_hash" = $2y$12$0Xw0VAnlGv9QwWKdM/mmCuUhEb3C74TOvN99u2UPaDaz.FNNWvCT., "code" = 5729, "updated_at" = 2026-09-14 09:28:51 where "id" = 1) {"userId":1,"exception":"[object] (Illuminate\\Database\\QueryException(code: HY000): SQLSTATE[HY000]: General error: 1 no such column: code (Connection: sqlite, Database: database/database.sqlite, SQL: update \"teams\" set \"code_hash\" = $2y$12$0Xw0VAnlGv9QwWKdM/mmCuUhEb3C74TOvN99u2UPaDaz.FNNWvCT., \"code\" = 5729, \"updated_at\" = 2026-09-14 09:28:51 where \"id\" = 1) at /home/wilmer-mouw/Documents/code/school/escape-room-personeelsavond/vendor/laravel/framework/src/Illuminate/Database/Connection.php:857)
[stacktrace]
#0 /home/wilmer-mouw/Documents/code/school/escape-room-personeelsavond/vendor/laravel/framework/src/Illuminate/Database/Connection.php(813): Illuminate\\Database\\Connection->runQueryCallback('update \"teams\" ...', Array, Object(Closure))
#1 /home/wilmer-mouw/Documents/code/school/escape-room-personeelsavond/vendor/laravel/framework/src/Illuminate/Database/Connection.php(614): Illuminate\\Database\\Connection->run('update \"teams\" ...', Array, Object(Closure))
#2 /home/wilmer-mouw/Documents/code/school/escape-room-personeelsavond/vendor/laravel/framework/src/Illuminate/Database/Connection.php(566): Illuminate\\Database\\Connection->affectingStatement('update \"teams\" ...', Array)
#3 /home/wilmer-mouw/Documents/code/school/escape-room-personeelsavond/vendor/laravel/framework/src/Illuminate/Database/Query/Builder.php(4377): Illuminate\\Database\\Connection->update('update \"teams\" ...', Array)
#4 /home/wilmer-mouw/Documents/code/school/escape-room-personeelsavond/vendor/laravel/framework/src/Illuminate/Database/Eloquent/Builder.php(1305): Illuminate\\Database\\Query\\Builder->update(Object(Illuminate\\Support\\Collection))
#5 /home/wilmer-mouw/Documents/code/school/escape-room-personeelsavond/vendor/laravel/framework/src/Illuminate/Database/Eloquent/Model.php(1518): Illuminate\\Database\\Eloquent\\Builder->update(Array)
#6 /home/wilmer-mouw/Documents/code/school/escape-room-personeelsavond/vendor/laravel/framework/src/Illuminate/Database/Eloquent/Model.php(1400): Illuminate\\Database\\Eloquent\\Model->performUpdate(Object(Illuminate\\Database\\Eloquent\\Builder))
#7 /home/wilmer-mouw/Documents/code/school/escape-room-personeelsavond/app/Actions/Admin/ResetTeamCode.php(25): Illuminate\\Database\\Eloquent\\Model->save()
#8 /home/wilmer-mouw/Documents/code/school/escape-room-personeelsavond/vendor/laravel/framework/src/Illuminate/Database/Concerns/ManagesTransactions.php(35): App\\Actions\\Admin\\ResetTeamCode->{closure:App\\Actions\\Admin\\ResetTeamCode::execute():23}(Object(Illuminate\\Database\\SQLiteConnection))
#9 /home/wilmer-mouw/Documents/code/school/escape-room-personeelsavond/vendor/laravel/framework/src/Illuminate/Database/DatabaseManager.php(502): Illuminate\\Database\\Connection->transaction(Object(Closure))
#10 /home/wilmer-mouw/Documents/code/school/escape-room-personeelsavond/vendor/laravel/framework/src/Illuminate/Support/Facades/Facade.php(364): Illuminate\\Database\\DatabaseManager->__call('transaction', Array)
#11 /home/wilmer-mouw/Documents/code/school/escape-room-personeelsavond/app/Actions/Admin/ResetTeamCode.php(23): Illuminate\\Support\\Facades\\Facade::__callStatic('transaction', Array)
#12 /home/wilmer-mouw/Documents/code/school/escape-room-personeelsavond/app/Http/Controllers/Admin/TeamController.php(62): App\\Actions\\Admin\\ResetTeamCode->execute(Object(App\\Models\\User), Object(App\\Models\\Team))
#13 /home/wilmer-mouw/Documents/code/school/escape-room-personeelsavond/vendor/laravel/framework/src/Illuminate/Routing/ControllerDispatcher.php(46): App\\Http\\Controllers\\Admin\\TeamController->resetCode(Object(Illuminate\\Http\\Request), Object(App\\Models\\Game), Object(App\\Models\\Team), Object(App\\Actions\\Admin\\ResetTeamCode))
#14 /home/wilmer-mouw/Documents/code/school/escape-room-personeelsavond/vendor/laravel/framework/src/Illuminate/Routing/Route.php(276): Illuminate\\Routing\\ControllerDispatcher->dispatch(Object(Illuminate\\Routing\\Route), Object(App\\Http\\Controllers\\Admin\\TeamController), 'resetCode')
#15 /home/wilmer-mouw/Documents/code/school/escape-room-personeelsavond/vendor/laravel/framework/src/Illuminate/Routing/Route.php(216): Illuminate\\Routing\\Route->runController()
#16 /home/wilmer-mouw/Documents/code/school/escape-room-personeelsavond/vendor/laravel/framework/src/Illuminate/Routing/Router.php(822): Illuminate\\Routing\\Route->run()
#17 /home/wilmer-mouw/Documents/code/school/escape-room-personeelsavond/vendor/laravel/framework/src/Illuminate/Pipeline/Pipeline.php(180): Illuminate\\Routing\\Router->{closure:Illuminate\\Routing\\Router::runRouteWithinStack():821}(Object(Illuminate\\Http\\Request))
#18 /home/wilmer-mouw/Documents/code/school/escape-room-personeelsavond/vendor/laravel/boost/src/Middleware/InjectBoost.php(22): Illuminate\\Pipeline\\Pipeline->{closure:Illuminate\\Pipeline\\Pipeline::prepareDestination():178}(Object(Illuminate\\Http\\Request))
#19 /home/wilmer-mouw/Documents/code/school/escape-room-personeelsavond/vendor/laravel/framework/src/Illuminate/Pipeline/Pipeline.php(219): Laravel\\Boost\\Middleware\\InjectBoost->handle(Object(Illuminate\\Http\\Request), Object(Closure))
#20 /home/wilmer-mouw/Documents/code/school/escape-room-personeelsavond/vendor/laravel/framework/src/Illuminate/Routing/Middleware/SubstituteBindings.php(52): Illuminate\\Pipeline\\Pipeline->{closure:{closure:Illuminate\\Pipeline\\Pipeline::carry():194}:195}(Object(Illuminate\\Http\\Request))
#21 /home/wilmer-mouw/Documents/code/school/escape-room-personeelsavond/vendor/laravel/framework/src/Illuminate/Pipeline/Pipeline.php(219): Illuminate\\Routing\\Middleware\\SubstituteBindings->handle(Object(Illuminate\\Http\\Request), Object(Closure))
#22 /home/wilmer-mouw/Documents/code/school/escape-room-personeelsavond/vendor/laravel/framework/src/Illuminate/Auth/Middleware/Authenticate.php(63): Illuminate\\Pipeline\\Pipeline->{closure:{closure:Illuminate\\Pipeline\\Pipeline::carry():194}:195}(Object(Illuminate\\Http\\Request))
#23 /home/wilmer-mouw/Documents/code/school/escape-room-personeelsavond/vendor/laravel/framework/src/Illuminate/Pipeline/Pipeline.php(219): Illuminate\\Auth\\Middleware\\Authenticate->handle(Object(Illuminate\\Http\\Request), Object(Closure), 'web')
#24 /home/wilmer-mouw/Documents/code/school/escape-room-personeelsavond/vendor/laravel/framework/src/Illuminate/Foundation/Http/Middleware/PreventRequestForgery.php(104): Illuminate\\Pipeline\\Pipeline->{closure:{closure:Illuminate\\Pipeline\\Pipeline::carry():194}:195}(Object(Illuminate\\Http\\Request))
#25 /home/wilmer-mouw/Documents/code/school/escape-room-personeelsavond/vendor/laravel/framework/src/Illuminate/Pipeline/Pipeline.php(219): Illuminate\\Foundation\\Http\\Middleware\\PreventRequestForgery->handle(Object(Illuminate\\Http\\Request), Object(Closure))
#26 /home/wilmer-mouw/Documents/code/school/escape-room-personeelsavond/vendor/laravel/framework/src/Illuminate/View/Middleware/ShareErrorsFromSession.php(48): Illuminate\\Pipeline\\Pipeline->{closure:{closure:Illuminate\\Pipeline\\Pipeline::carry():194}:195}(Object(Illuminate\\Http\\Request))
#27 /home/wilmer-mouw/Documents/code/school/escape-room-personeelsavond/vendor/laravel/framework/src/Illuminate/Pipeline/Pipeline.php(219): Illuminate\\View\\Middleware\\ShareErrorsFromSession->handle(Object(Illuminate\\Http\\Request), Object(Closure))
#28 /home/wilmer-mouw/Documents/code/school/escape-room-personeelsavond/vendor/laravel/framework/src/Illuminate/Session/Middleware/StartSession.php(120): Illuminate\\Pipeline\\Pipeline->{closure:{closure:Illuminate\\Pipeline\\Pipeline::carry():194}:195}(Object(Illuminate\\Http\\Request))
#29 /home/wilmer-mouw/Documents/code/school/escape-room-personeelsavond/vendor/laravel/framework/src/Illuminate/Session/Middleware/StartSession.php(63): Illuminate\\Session\\Middleware\\StartSession->handleStatefulRequest(Object(Illuminate\\Http\\Request), Object(Illuminate\\Session\\Store), Object(Closure))
#30 /home/wilmer-mouw/Documents/code/school/escape-room-personeelsavond/vendor/laravel/framework/src/Illuminate/Pipeline/Pipeline.php(219): Illuminate\\Session\\Middleware\\StartSession->handle(Object(Illuminate\\Http\\Request), Object(Closure))
#31 /home/wilmer-mouw/Documents/code/school/escape-room-personeelsavond/vendor/laravel/framework/src/Illuminate/Cookie/Middleware/AddQueuedCookiesToResponse.php(36): Illuminate\\Pipeline\\Pipeline->{closure:{closure:Illuminate\\Pipeline\\Pipeline::carry():194}:195}(Object(Illuminate\\Http\\Request))
#32 /home/wilmer-mouw/Documents/code/school/escape-room-personeelsavond/vendor/laravel/framework/src/Illuminate/Pipeline/Pipeline.php(219): Illuminate\\Cookie\\Middleware\\AddQueuedCookiesToResponse->handle(Object(Illuminate\\Http\\Request), Object(Closure))
#33 /home/wilmer-mouw/Documents/code/school/escape-room-personeelsavond/vendor/laravel/framework/src/Illuminate/Cookie/Middleware/EncryptCookies.php(74): Illuminate\\Pipeline\\Pipeline->{closure:{closure:Illuminate\\Pipeline\\Pipeline::carry():194}:195}(Object(Illuminate\\Http\\Request))
#34 /home/wilmer-mouw/Documents/code/school/escape-room-personeelsavond/vendor/laravel/framework/src/Illuminate/Pipeline/Pipeline.php(219): Illuminate\\Cookie\\Middleware\\EncryptCookies->handle(Object(Illuminate\\Http\\Request), Object(Closure))
#35 /home/wilmer-mouw/Documents/code/school/escape-room-personeelsavond/vendor/laravel/framework/src/Illuminate/Pipeline/Pipeline.php(137): Illuminate\\Pipeline\\Pipeline->{closure:{closure:Illuminate\\Pipeline\\Pipeline::carry():194}:195}(Object(Illuminate\\Http\\Request))
#36 /home/wilmer-mouw/Documents/code/school/escape-room-personeelsavond/vendor/laravel/framework/src/Illuminate/Routing/Router.php(821): Illuminate\\Pipeline\\Pipeline->then(Object(Closure))
#37 /home/wilmer-mouw/Documents/code/school/escape-room-personeelsavond/vendor/laravel/framework/src/Illuminate/Routing/Router.php(800): Illuminate\\Routing\\Router->runRouteWithinStack(Object(Illuminate\\Routing\\Route), Object(Illuminate\\Http\\Request))
#38 /home/wilmer-mouw/Documents/code/school/escape-room-personeelsavond/vendor/laravel/framework/src/Illuminate/Routing/Router.php(764): Illuminate\\Routing\\Router->runRoute(Object(Illuminate\\Http\\Request), Object(Illuminate\\Routing\\Route))
#39 /home/wilmer-mouw/Documents/code/school/escape-room-personeelsavond/vendor/laravel/framework/src/Illuminate/Routing/Router.php(753): Illuminate\\Routing\\Router->dispatchToRoute(Object(Illuminate\\Http\\Request))
#40 /home/wilmer-mouw/Documents/code/school/escape-room-personeelsavond/vendor/laravel/framework/src/Illuminate/Foundation/Http/Kernel.php(200): Illuminate\\Routing\\Router->dispatch(Object(Illuminate\\Http\\Request))
#41 /home/wilmer-mouw/Documents/code/school/escape-room-personeelsavond/vendor/laravel/framework/src/Illuminate/Pipeline/Pipeline.php(180): Illuminate\\Foundation\\Http\\Kernel->{closure:Illuminate\\Foundation\\Http\\Kernel::dispatchToRouter():197}(Object(Illuminate\\Http\\Request))
#42 /home/wilmer-mouw/Documents/code/school/escape-room-personeelsavond/vendor/livewire/livewire/src/Features/SupportDisablingBackButtonCache/DisableBackButtonCacheMiddleware.php(19): Illuminate\\Pipeline\\Pipeline->{closure:Illuminate\\Pipeline\\Pipeline::prepareDestination():178}(Object(Illuminate\\Http\\Request))
#43 /home/wilmer-mouw/Documents/code/school/escape-room-personeelsavond/vendor/laravel/framework/src/Illuminate/Pipeline/Pipeline.php(219): Livewire\\Features\\SupportDisablingBackButtonCache\\DisableBackButtonCacheMiddleware->handle(Object(Illuminate\\Http\\Request), Object(Closure))
#44 /home/wilmer-mouw/Documents/code/school/escape-room-personeelsavond/vendor/laravel/framework/src/Illuminate/Foundation/Http/Middleware/TransformsRequest.php(21): Illuminate\\Pipeline\\Pipeline->{closure:{closure:Illuminate\\Pipeline\\Pipeline::carry():194}:195}(Object(Illuminate\\Http\\Request))
#45 /home/wilmer-mouw/Documents/code/school/escape-room-personeelsavond/vendor/laravel/framework/src/Illuminate/Foundation/Http/Middleware/ConvertEmptyStringsToNull.php(31): Illuminate\\Foundation\\Http\\Middleware\\TransformsRequest->handle(Object(Illuminate\\Http\\Request), Object(Closure))
#46 /home/wilmer-mouw/Documents/code/school/escape-room-personeelsavond/vendor/laravel/framework/src/Illuminate/Pipeline/Pipeline.php(219): Illuminate\\Foundation\\Http\\Middleware\\ConvertEmptyStringsToNull->handle(Object(Illuminate\\Http\\Request), Object(Closure))
#47 /home/wilmer-mouw/Documents/code/school/escape-room-personeelsavond/vendor/laravel/framework/src/Illuminate/Foundation/Http/Middleware/TransformsRequest.php(21): Illuminate\\Pipeline\\Pipeline->{closure:{closure:Illuminate\\Pipeline\\Pipeline::carry():194}:195}(Object(Illuminate\\Http\\Request))
#48 /home/wilmer-mouw/Documents/code/school/escape-room-personeelsavond/vendor/laravel/framework/src/Illuminate/Foundation/Http/Middleware/TrimStrings.php(51): Illuminate\\Foundation\\Http\\Middleware\\TransformsRequest->handle(Object(Illuminate\\Http\\Request), Object(Closure))
#49 /home/wilmer-mouw/Documents/code/school/escape-room-personeelsavond/vendor/laravel/framework/src/Illuminate/Pipeline/Pipeline.php(219): Illuminate\\Foundation\\Http\\Middleware\\TrimStrings->handle(Object(Illuminate\\Http\\Request), Object(Closure))
#50 /home/wilmer-mouw/Documents/code/school/escape-room-personeelsavond/vendor/laravel/framework/src/Illuminate/Http/Middleware/ValidatePostSize.php(27): Illuminate\\Pipeline\\Pipeline->{closure:{closure:Illuminate\\Pipeline\\Pipeline::carry():194}:195}(Object(Illuminate\\Http\\Request))
#51 /home/wilmer-mouw/Documents/code/school/escape-room-personeelsavond/vendor/laravel/framework/src/Illuminate/Pipeline/Pipeline.php(219): Illuminate\\Http\\Middleware\\ValidatePostSize->handle(Object(Illuminate\\Http\\Request), Object(Closure))
#52 /home/wilmer-mouw/Documents/code/school/escape-room-personeelsavond/vendor/laravel/framework/src/Illuminate/Foundation/Http/Middleware/PreventRequestsDuringMaintenance.php(110): Illuminate\\Pipeline\\Pipeline->{closure:{closure:Illuminate\\Pipeline\\Pipeline::carry():194}:195}(Object(Illuminate\\Http\\Request))
#53 /home/wilmer-mouw/Documents/code/school/escape-room-personeelsavond/vendor/laravel/framework/src/Illuminate/Pipeline/Pipeline.php(219): Illuminate\\Foundation\\Http\\Middleware\\PreventRequestsDuringMaintenance->handle(Object(Illuminate\\Http\\Request), Object(Closure))
#54 /home/wilmer-mouw/Documents/code/school/escape-room-personeelsavond/vendor/laravel/framework/src/Illuminate/Http/Middleware/HandleCors.php(61): Illuminate\\Pipeline\\Pipeline->{closure:{closure:Illuminate\\Pipeline\\Pipeline::carry():194}:195}(Object(Illuminate\\Http\\Request))
#55 /home/wilmer-mouw/Documents/code/school/escape-room-personeelsavond/vendor/laravel/framework/src/Illuminate/Pipeline/Pipeline.php(219): Illuminate\\Http\\Middleware\\HandleCors->handle(Object(Illuminate\\Http\\Request), Object(Closure))
#56 /home/wilmer-mouw/Documents/code/school/escape-room-personeelsavond/vendor/laravel/framework/src/Illuminate/Http/Middleware/TrustProxies.php(58): Illuminate\\Pipeline\\Pipeline->{closure:{closure:Illuminate\\Pipeline\\Pipeline::carry():194}:195}(Object(Illuminate\\Http\\Request))
#57 /home/wilmer-mouw/Documents/code/school/escape-room-personeelsavond/vendor/laravel/framework/src/Illuminate/Pipeline/Pipeline.php(219): Illuminate\\Http\\Middleware\\TrustProxies->handle(Object(Illuminate\\Http\\Request), Object(Closure))
#58 /home/wilmer-mouw/Documents/code/school/escape-room-personeelsavond/vendor/laravel/framework/src/Illuminate/Foundation/Http/Middleware/InvokeDeferredCallbacks.php(22): Illuminate\\Pipeline\\Pipeline->{closure:{closure:Illuminate\\Pipeline\\Pipeline::carry():194}:195}(Object(Illuminate\\Http\\Request))
#59 /home/wilmer-mouw/Documents/code/school/escape-room-personeelsavond/vendor/laravel/framework/src/Illuminate/Pipeline/Pipeline.php(219): Illuminate\\Foundation\\Http\\Middleware\\InvokeDeferredCallbacks->handle(Object(Illuminate\\Http\\Request), Object(Closure))
#60 /home/wilmer-mouw/Documents/code/school/escape-room-personeelsavond/vendor/laravel/framework/src/Illuminate/Http/Middleware/ValidatePathEncoding.php(28): Illuminate\\Pipeline\\Pipeline->{closure:{closure:Illuminate\\Pipeline\\Pipeline::carry():194}:195}(Object(Illuminate\\Http\\Request))
#61 /home/wilmer-mouw/Documents/code/school/escape-room-personeelsavond/vendor/laravel/framework/src/Illuminate/Pipeline/Pipeline.php(219): Illuminate\\Http\\Middleware\\ValidatePathEncoding->handle(Object(Illuminate\\Http\\Request), Object(Closure))
#62 /home/wilmer-mouw/Documents/code/school/escape-room-personeelsavond/vendor/laravel/framework/src/Illuminate/Pipeline/Pipeline.php(137): Illuminate\\Pipeline\\Pipeline->{closure:{closure:Illuminate\\Pipeline\\Pipeline::carry():194}:195}(Object(Illuminate\\Http\\Request))
#63 /home/wilmer-mouw/Documents/code/school/escape-room-personeelsavond/vendor/laravel/framework/src/Illuminate/Foundation/Http/Kernel.php(175): Illuminate\\Pipeline\\Pipeline->then(Object(Closure))
#64 /home/wilmer-mouw/Documents/code/school/escape-room-personeelsavond/vendor/laravel/framework/src/Illuminate/Foundation/Http/Kernel.php(144): Illuminate\\Foundation\\Http\\Kernel->sendRequestThroughRouter(Object(Illuminate\\Http\\Request))
#65 /home/wilmer-mouw/Documents/code/school/escape-room-personeelsavond/vendor/laravel/framework/src/Illuminate/Foundation/Application.php(1227): Illuminate\\Foundation\\Http\\Kernel->handle(Object(Illuminate\\Http\\Request))
#66 /home/wilmer-mouw/Documents/code/school/escape-room-personeelsavond/public/index.php(20): Illuminate\\Foundation\\Application->handleRequest(Object(Illuminate\\Http\\Request))
#67 {main}

[previous exception] [object] (PDOException(code: HY000): SQLSTATE[HY000]: General error: 1 no such column: code at /home/wilmer-mouw/Documents/code/school/escape-room-personeelsavond/vendor/laravel/framework/src/Illuminate/Database/Connection.php:622)
[stacktrace]
#0 /home/wilmer-mouw/Documents/code/school/escape-room-personeelsavond/vendor/laravel/framework/src/Illuminate/Database/Connection.php(622): PDO->prepare('update \"teams\" ...')
#1 /home/wilmer-mouw/Documents/code/school/escape-room-personeelsavond/vendor/laravel/framework/src/Illuminate/Database/Connection.php(846): Illuminate\\Database\\Connection->{closure:Illuminate\\Database\\Connection::affectingStatement():614}('update \"teams\" ...', Array)
#2 /home/wilmer-mouw/Documents/code/school/escape-room-personeelsavond/vendor/laravel/framework/src/Illuminate/Database/Connection.php(813): Illuminate\\Database\\Connection->runQueryCallback('update \"teams\" ...', Array, Object(Closure))
#3 /home/wilmer-mouw/Documents/code/school/escape-room-personeelsavond/vendor/laravel/framework/src/Illuminate/Database/Connection.php(614): Illuminate\\Database\\Connection->run('update \"teams\" ...', Array, Object(Closure))
#4 /home/wilmer-mouw/Documents/code/school/escape-room-personeelsavond/vendor/laravel/framework/src/Illuminate/Database/Connection.php(566): Illuminate\\Database\\Connection->affectingStatement('update \"teams\" ...', Array)
#5 /home/wilmer-mouw/Documents/code/school/escape-room-personeelsavond/vendor/laravel/framework/src/Illuminate/Database/Query/Builder.php(4377): Illuminate\\Database\\Connection->update('update \"teams\" ...', Array)
#6 /home/wilmer-mouw/Documents/code/school/escape-room-personeelsavond/vendor/laravel/framework/src/Illuminate/Database/Eloquent/Builder.php(1305): Illuminate\\Database\\Query\\Builder->update(Object(Illuminate\\Support\\Collection))
#7 /home/wilmer-mouw/Documents/code/school/escape-room-personeelsavond/vendor/laravel/framework/src/Illuminate/Database/Eloquent/Model.php(1518): Illuminate\\Database\\Eloquent\\Builder->update(Array)
#8 /home/wilmer-mouw/Documents/code/school/escape-room-personeelsavond/vendor/laravel/framework/src/Illuminate/Database/Eloquent/Model.php(1400): Illuminate\\Database\\Eloquent\\Model->performUpdate(Object(Illuminate\\Database\\Eloquent\\Builder))
#9 /home/wilmer-mouw/Documents/code/school/escape-room-personeelsavond/app/Actions/Admin/ResetTeamCode.php(25): Illuminate\\Database\\Eloquent\\Model->save()
#10 /home/wilmer-mouw/Documents/code/school/escape-room-personeelsavond/vendor/laravel/framework/src/Illuminate/Database/Concerns/ManagesTransactions.php(35): App\\Actions\\Admin\\ResetTeamCode->{closure:App\\Actions\\Admin\\ResetTeamCode::execute():23}(Object(Illuminate\\Database\\SQLiteConnection))
#11 /home/wilmer-mouw/Documents/code/school/escape-room-personeelsavond/vendor/laravel/framework/src/Illuminate/Database/DatabaseManager.php(502): Illuminate\\Database\\Connection->transaction(Object(Closure))
#12 /home/wilmer-mouw/Documents/code/school/escape-room-personeelsavond/vendor/laravel/framework/src/Illuminate/Support/Facades/Facade.php(364): Illuminate\\Database\\DatabaseManager->__call('transaction', Array)
#13 /home/wilmer-mouw/Documents/code/school/escape-room-personeelsavond/app/Actions/Admin/ResetTeamCode.php(23): Illuminate\\Support\\Facades\\Facade::__callStatic('transaction', Array)
#14 /home/wilmer-mouw/Documents/code/school/escape-room-personeelsavond/app/Http/Controllers/Admin/TeamController.php(62): App\\Actions\\Admin\\ResetTeamCode->execute(Object(App\\Models\\User), Object(App\\Models\\Team))
#15 /home/wilmer-mouw/Documents/code/school/escape-room-personeelsavond/vendor/laravel/framework/src/Illuminate/Routing/ControllerDispatcher.php(46): App\\Http\\Controllers\\Admin\\TeamController->resetCode(Object(Illuminate\\Http\\Request), Object(App\\Models\\Game), Object(App\\Models\\Team), Object(App\\Actions\\Admin\\ResetTeamCode))
#16 /home/wilmer-mouw/Documents/code/school/escape-room-personeelsavond/vendor/laravel/framework/src/Illuminate/Routing/Route.php(276): Illuminate\\Routing\\ControllerDispatcher->dispatch(Object(Illuminate\\Routing\\Route), Object(App\\Http\\Controllers\\Admin\\TeamController), 'resetCode')
#17 /home/wilmer-mouw/Documents/code/school/escape-room-personeelsavond/vendor/laravel/framework/src/Illuminate/Routing/Route.php(216): Illuminate\\Routing\\Route->runController()
#18 /home/wilmer-mouw/Documents/code/school/escape-room-personeelsavond/vendor/laravel/framework/src/Illuminate/Routing/Router.php(822): Illuminate\\Routing\\Route->run()
#19 /home/wilmer-mouw/Documents/code/school/escape-room-personeelsavond/vendor/laravel/framework/src/Illuminate/Pipeline/Pipeline.php(180): Illuminate\\Routing\\Router->{closure:Illuminate\\Routing\\Router::runRouteWithinStack():821}(Object(Illuminate\\Http\\Request))
#20 /home/wilmer-mouw/Documents/code/school/escape-room-personeelsavond/vendor/laravel/boost/src/Middleware/InjectBoost.php(22): Illuminate\\Pipeline\\Pipeline->{closure:Illuminate\\Pipeline\\Pipeline::prepareDestination():178}(Object(Illuminate\\Http\\Request))
#21 /home/wilmer-mouw/Documents/code/school/escape-room-personeelsavond/vendor/laravel/framework/src/Illuminate/Pipeline/Pipeline.php(219): Laravel\\Boost\\Middleware\\InjectBoost->handle(Object(Illuminate\\Http\\Request), Object(Closure))
#22 /home/wilmer-mouw/Documents/code/school/escape-room-personeelsavond/vendor/laravel/framework/src/Illuminate/Routing/Middleware/SubstituteBindings.php(52): Illuminate\\Pipeline\\Pipeline->{closure:{closure:Illuminate\\Pipeline\\Pipeline::carry():194}:195}(Object(Illuminate\\Http\\Request))
#23 /home/wilmer-mouw/Documents/code/school/escape-room-personeelsavond/vendor/laravel/framework/src/Illuminate/Pipeline/Pipeline.php(219): Illuminate\\Routing\\Middleware\\SubstituteBindings->handle(Object(Illuminate\\Http\\Request), Object(Closure))
#24 /home/wilmer-mouw/Documents/code/school/escape-room-personeelsavond/vendor/laravel/framework/src/Illuminate/Auth/Middleware/Authenticate.php(63): Illuminate\\Pipeline\\Pipeline->{closure:{closure:Illuminate\\Pipeline\\Pipeline::carry():194}:195}(Object(Illuminate\\Http\\Request))
#25 /home/wilmer-mouw/Documents/code/school/escape-room-personeelsavond/vendor/laravel/framework/src/Illuminate/Pipeline/Pipeline.php(219): Illuminate\\Auth\\Middleware\\Authenticate->handle(Object(Illuminate\\Http\\Request), Object(Closure), 'web')
#26 /home/wilmer-mouw/Documents/code/school/escape-room-personeelsavond/vendor/laravel/framework/src/Illuminate/Foundation/Http/Middleware/PreventRequestForgery.php(104): Illuminate\\Pipeline\\Pipeline->{closure:{closure:Illuminate\\Pipeline\\Pipeline::carry():194}:195}(Object(Illuminate\\Http\\Request))
#27 /home/wilmer-mouw/Documents/code/school/escape-room-personeelsavond/vendor/laravel/framework/src/Illuminate/Pipeline/Pipeline.php(219): Illuminate\\Foundation\\Http\\Middleware\\PreventRequestForgery->handle(Object(Illuminate\\Http\\Request), Object(Closure))
#28 /home/wilmer-mouw/Documents/code/school/escape-room-personeelsavond/vendor/laravel/framework/src/Illuminate/View/Middleware/ShareErrorsFromSession.php(48): Illuminate\\Pipeline\\Pipeline->{closure:{closure:Illuminate\\Pipeline\\Pipeline::carry():194}:195}(Object(Illuminate\\Http\\Request))
#29 /home/wilmer-mouw/Documents/code/school/escape-room-personeelsavond/vendor/laravel/framework/src/Illuminate/Pipeline/Pipeline.php(219): Illuminate\\View\\Middleware\\ShareErrorsFromSession->handle(Object(Illuminate\\Http\\Request), Object(Closure))
#30 /home/wilmer-mouw/Documents/code/school/escape-room-personeelsavond/vendor/laravel/framework/src/Illuminate/Session/Middleware/StartSession.php(120): Illuminate\\Pipeline\\Pipeline->{closure:{closure:Illuminate\\Pipeline\\Pipeline::carry():194}:195}(Object(Illuminate\\Http\\Request))
#31 /home/wilmer-mouw/Documents/code/school/escape-room-personeelsavond/vendor/laravel/framework/src/Illuminate/Session/Middleware/StartSession.php(63): Illuminate\\Session\\Middleware\\StartSession->handleStatefulRequest(Object(Illuminate\\Http\\Request), Object(Illuminate\\Session\\Store), Object(Closure))
#32 /home/wilmer-mouw/Documents/code/school/escape-room-personeelsavond/vendor/laravel/framework/src/Illuminate/Pipeline/Pipeline.php(219): Illuminate\\Session\\Middleware\\StartSession->handle(Object(Illuminate\\Http\\Request), Object(Closure))
#33 /home/wilmer-mouw/Documents/code/school/escape-room-personeelsavond/vendor/laravel/framework/src/Illuminate/Cookie/Middleware/AddQueuedCookiesToResponse.php(36): Illuminate\\Pipeline\\Pipeline->{closure:{closure:Illuminate\\Pipeline\\Pipeline::carry():194}:195}(Object(Illuminate\\Http\\Request))
#34 /home/wilmer-mouw/Documents/code/school/escape-room-personeelsavond/vendor/laravel/framework/src/Illuminate/Pipeline/Pipeline.php(219): Illuminate\\Cookie\\Middleware\\AddQueuedCookiesToResponse->handle(Object(Illuminate\\Http\\Request), Object(Closure))
#35 /home/wilmer-mouw/Documents/code/school/escape-room-personeelsavond/vendor/laravel/framework/src/Illuminate/Cookie/Middleware/EncryptCookies.php(74): Illuminate\\Pipeline\\Pipeline->{closure:{closure:Illuminate\\Pipeline\\Pipeline::carry():194}:195}(Object(Illuminate\\Http\\Request))
#36 /home/wilmer-mouw/Documents/code/school/escape-room-personeelsavond/vendor/laravel/framework/src/Illuminate/Pipeline/Pipeline.php(219): Illuminate\\Cookie\\Middleware\\EncryptCookies->handle(Object(Illuminate\\Http\\Request), Object(Closure))
#37 /home/wilmer-mouw/Documents/code/school/escape-room-personeelsavond/vendor/laravel/framework/src/Illuminate/Pipeline/Pipeline.php(137): Illuminate\\Pipeline\\Pipeline->{closure:{closure:Illuminate\\Pipeline\\Pipeline::carry():194}:195}(Object(Illuminate\\Http\\Request))
#38 /home/wilmer-mouw/Documents/code/school/escape-room-personeelsavond/vendor/laravel/framework/src/Illuminate/Routing/Router.php(821): Illuminate\\Pipeline\\Pipeline->then(Object(Closure))
#39 /home/wilmer-mouw/Documents/code/school/escape-room-personeelsavond/vendor/laravel/framework/src/Illuminate/Routing/Router.php(800): Illuminate\\Routing\\Router->runRouteWithinStack(Object(Illuminate\\Routing\\Route), Object(Illuminate\\Http\\Request))
#40 /home/wilmer-mouw/Documents/code/school/escape-room-personeelsavond/vendor/laravel/framework/src/Illuminate/Routing/Router.php(764): Illuminate\\Routing\\Router->runRoute(Object(Illuminate\\Http\\Request), Object(Illuminate\\Routing\\Route))
#41 /home/wilmer-mouw/Documents/code/school/escape-room-personeelsavond/vendor/laravel/framework/src/Illuminate/Routing/Router.php(753): Illuminate\\Routing\\Router->dispatchToRoute(Object(Illuminate\\Http\\Request))
#42 /home/wilmer-mouw/Documents/code/school/escape-room-personeelsavond/vendor/laravel/framework/src/Illuminate/Foundation/Http/Kernel.php(200): Illuminate\\Routing\\Router->dispatch(Object(Illuminate\\Http\\Request))
#43 /home/wilmer-mouw/Documents/code/school/escape-room-personeelsavond/vendor/laravel/framework/src/Illuminate/Pipeline/Pipeline.php(180): Illuminate\\Foundation\\Http\\Kernel->{closure:Illuminate\\Foundation\\Http\\Kernel::dispatchToRouter():197}(Object(Illuminate\\Http\\Request))
#44 /home/wilmer-mouw/Documents/code/school/escape-room-personeelsavond/vendor/livewire/livewire/src/Features/SupportDisablingBackButtonCache/DisableBackButtonCacheMiddleware.php(19): Illuminate\\Pipeline\\Pipeline->{closure:Illuminate\\Pipeline\\Pipeline::prepareDestination():178}(Object(Illuminate\\Http\\Request))
#45 /home/wilmer-mouw/Documents/code/school/escape-room-personeelsavond/vendor/laravel/framework/src/Illuminate/Pipeline/Pipeline.php(219): Livewire\\Features\\SupportDisablingBackButtonCache\\DisableBackButtonCacheMiddleware->handle(Object(Illuminate\\Http\\Request), Object(Closure))
#46 /home/wilmer-mouw/Documents/code/school/escape-room-personeelsavond/vendor/laravel/framework/src/Illuminate/Foundation/Http/Middleware/TransformsRequest.php(21): Illuminate\\Pipeline\\Pipeline->{closure:{closure:Illuminate\\Pipeline\\Pipeline::carry():194}:195}(Object(Illuminate\\Http\\Request))
#47 /home/wilmer-mouw/Documents/code/school/escape-room-personeelsavond/vendor/laravel/framework/src/Illuminate/Foundation/Http/Middleware/ConvertEmptyStringsToNull.php(31): Illuminate\\Foundation\\Http\\Middleware\\TransformsRequest->handle(Object(Illuminate\\Http\\Request), Object(Closure))
#48 /home/wilmer-mouw/Documents/code/school/escape-room-personeelsavond/vendor/laravel/framework/src/Illuminate/Pipeline/Pipeline.php(219): Illuminate\\Foundation\\Http\\Middleware\\ConvertEmptyStringsToNull->handle(Object(Illuminate\\Http\\Request), Object(Closure))
#49 /home/wilmer-mouw/Documents/code/school/escape-room-personeelsavond/vendor/laravel/framework/src/Illuminate/Foundation/Http/Middleware/TransformsRequest.php(21): Illuminate\\Pipeline\\Pipeline->{closure:{closure:Illuminate\\Pipeline\\Pipeline::carry():194}:195}(Object(Illuminate\\Http\\Request))
#50 /home/wilmer-mouw/Documents/code/school/escape-room-personeelsavond/vendor/laravel/framework/src/Illuminate/Foundation/Http/Middleware/TrimStrings.php(51): Illuminate\\Foundation\\Http\\Middleware\\TransformsRequest->handle(Object(Illuminate\\Http\\Request), Object(Closure))
#51 /home/wilmer-mouw/Documents/code/school/escape-room-personeelsavond/vendor/laravel/framework/src/Illuminate/Pipeline/Pipeline.php(219): Illuminate\\Foundation\\Http\\Middleware\\TrimStrings->handle(Object(Illuminate\\Http\\Request), Object(Closure))
#52 /home/wilmer-mouw/Documents/code/school/escape-room-personeelsavond/vendor/laravel/framework/src/Illuminate/Http/Middleware/ValidatePostSize.php(27): Illuminate\\Pipeline\\Pipeline->{closure:{closure:Illuminate\\Pipeline\\Pipeline::carry():194}:195}(Object(Illuminate\\Http\\Request))
#53 /home/wilmer-mouw/Documents/code/school/escape-room-personeelsavond/vendor/laravel/framework/src/Illuminate/Pipeline/Pipeline.php(219): Illuminate\\Http\\Middleware\\ValidatePostSize->handle(Object(Illuminate\\Http\\Request), Object(Closure))
#54 /home/wilmer-mouw/Documents/code/school/escape-room-personeelsavond/vendor/laravel/framework/src/Illuminate/Foundation/Http/Middleware/PreventRequestsDuringMaintenance.php(110): Illuminate\\Pipeline\\Pipeline->{closure:{closure:Illuminate\\Pipeline\\Pipeline::carry():194}:195}(Object(Illuminate\\Http\\Request))
#55 /home/wilmer-mouw/Documents/code/school/escape-room-personeelsavond/vendor/laravel/framework/src/Illuminate/Pipeline/Pipeline.php(219): Illuminate\\Foundation\\Http\\Middleware\\PreventRequestsDuringMaintenance->handle(Object(Illuminate\\Http\\Request), Object(Closure))
#56 /home/wilmer-mouw/Documents/code/school/escape-room-personeelsavond/vendor/laravel/framework/src/Illuminate/Http/Middleware/HandleCors.php(61): Illuminate\\Pipeline\\Pipeline->{closure:{closure:Illuminate\\Pipeline\\Pipeline::carry():194}:195}(Object(Illuminate\\Http\\Request))
#57 /home/wilmer-mouw/Documents/code/school/escape-room-personeelsavond/vendor/laravel/framework/src/Illuminate/Pipeline/Pipeline.php(219): Illuminate\\Http\\Middleware\\HandleCors->handle(Object(Illuminate\\Http\\Request), Object(Closure))
#58 /home/wilmer-mouw/Documents/code/school/escape-room-personeelsavond/vendor/laravel/framework/src/Illuminate/Http/Middleware/TrustProxies.php(58): Illuminate\\Pipeline\\Pipeline->{closure:{closure:Illuminate\\Pipeline\\Pipeline::carry():194}:195}(Object(Illuminate\\Http\\Request))
#59 /home/wilmer-mouw/Documents/code/school/escape-room-personeelsavond/vendor/laravel/framework/src/Illuminate/Pipeline/Pipeline.php(219): Illuminate\\Http\\Middleware\\TrustProxies->handle(Object(Illuminate\\Http\\Request), Object(Closure))
#60 /home/wilmer-mouw/Documents/code/school/escape-room-personeelsavond/vendor/laravel/framework/src/Illuminate/Foundation/Http/Middleware/InvokeDeferredCallbacks.php(22): Illuminate\\Pipeline\\Pipeline->{closure:{closure:Illuminate\\Pipeline\\Pipeline::carry():194}:195}(Object(Illuminate\\Http\\Request))
#61 /home/wilmer-mouw/Documents/code/school/escape-room-personeelsavond/vendor/laravel/framework/src/Illuminate/Pipeline/Pipeline.php(219): Illuminate\\Foundation\\Http\\Middleware\\InvokeDeferredCallbacks->handle(Object(Illuminate\\Http\\Request), Object(Closure))
#62 /home/wilmer-mouw/Documents/code/school/escape-room-personeelsavond/vendor/laravel/framework/src/Illuminate/Http/Middleware/ValidatePathEncoding.php(28): Illuminate\\Pipeline\\Pipeline->{closure:{closure:Illuminate\\Pipeline\\Pipeline::carry():194}:195}(Object(Illuminate\\Http\\Request))
#63 /home/wilmer-mouw/Documents/code/school/escape-room-personeelsavond/vendor/laravel/framework/src/Illuminate/Pipeline/Pipeline.php(219): Illuminate\\Http\\Middleware\\ValidatePathEncoding->handle(Object(Illuminate\\Http\\Request), Object(Closure))
#64 /home/wilmer-mouw/Documents/code/school/escape-room-personeelsavond/vendor/laravel/framework/src/Illuminate/Pipeline/Pipeline.php(137): Illuminate\\Pipeline\\Pipeline->{closure:{closure:Illuminate\\Pipeline\\Pipeline::carry():194}:195}(Object(Illuminate\\Http\\Request))
#65 /home/wilmer-mouw/Documents/code/school/escape-room-personeelsavond/vendor/laravel/framework/src/Illuminate/Foundation/Http/Kernel.php(175): Illuminate\\Pipeline\\Pipeline->then(Object(Closure))
#66 /home/wilmer-mouw/Documents/code/school/escape-room-personeelsavond/vendor/laravel/framework/src/Illuminate/Foundation/Http/Kernel.php(144): Illuminate\\Foundation\\Http\\Kernel->sendRequestThroughRouter(Object(Illuminate\\Http\\Request))
#67 /home/wilmer-mouw/Documents/code/school/escape-room-personeelsavond/vendor/laravel/framework/src/Illuminate/Foundation/Application.php(1227): Illuminate\\Foundation\\Http\\Kernel->handle(Object(Illuminate\\Http\\Request))
#68 /home/wilmer-mouw/Documents/code/school/escape-room-personeelsavond/public/index.php(20): Illuminate\\Foundation\\Application->handleRequest(Object(Illuminate\\Http\\Request))
#69 {main}
"} 
[2026-09-14 10:07:36] local.ERROR: The "--unsecure" option does not exist. {"exception":"[object] (Symfony\\Component\\Console\\Exception\\RuntimeException(code: 0): The \"--unsecure\" option does not exist. at /home/wilmer-mouw/Documents/code/school/escape-room-personeelsavond/vendor/symfony/console/Input/ArgvInput.php:226)
[stacktrace]
#0 /home/wilmer-mouw/Documents/code/school/escape-room-personeelsavond/vendor/symfony/console/Input/ArgvInput.php(155): Symfony\\Component\\Console\\Input\\ArgvInput->addLongOption('unsecure', NULL)
#1 /home/wilmer-mouw/Documents/code/school/escape-room-personeelsavond/vendor/symfony/console/Input/ArgvInput.php(88): Symfony\\Component\\Console\\Input\\ArgvInput->parseLongOption('--unsecure')
#2 /home/wilmer-mouw/Documents/code/school/escape-room-personeelsavond/vendor/symfony/console/Input/ArgvInput.php(77): Symfony\\Component\\Console\\Input\\ArgvInput->parseToken('--unsecure', true)
#3 /home/wilmer-mouw/Documents/code/school/escape-room-personeelsavond/vendor/symfony/console/Input/Input.php(53): Symfony\\Component\\Console\\Input\\ArgvInput->parse()
#4 /home/wilmer-mouw/Documents/code/school/escape-room-personeelsavond/vendor/symfony/console/Command/Command.php(238): Symfony\\Component\\Console\\Input\\Input->bind(Object(Symfony\\Component\\Console\\Input\\InputDefinition))
#5 /home/wilmer-mouw/Documents/code/school/escape-room-personeelsavond/vendor/laravel/framework/src/Illuminate/Console/Command.php(261): Symfony\\Component\\Console\\Command\\Command->run(Object(Symfony\\Component\\Console\\Input\\ArgvInput), Object(Illuminate\\Console\\OutputStyle))
#6 /home/wilmer-mouw/Documents/code/school/escape-room-personeelsavond/vendor/symfony/console/Application.php(1144): Illuminate\\Console\\Command->run(Object(Symfony\\Component\\Console\\Input\\ArgvInput), Object(Symfony\\Component\\Console\\Output\\ConsoleOutput))
#7 /home/wilmer-mouw/Documents/code/school/escape-room-personeelsavond/vendor/symfony/console/Application.php(379): Symfony\\Component\\Console\\Application->doRunCommand(Object(Illuminate\\Foundation\\Console\\ServeCommand), Object(Symfony\\Component\\Console\\Input\\ArgvInput), Object(Symfony\\Component\\Console\\Output\\ConsoleOutput))
#8 /home/wilmer-mouw/Documents/code/school/escape-room-personeelsavond/vendor/symfony/console/Application.php(218): Symfony\\Component\\Console\\Application->doRun(Object(Symfony\\Component\\Console\\Input\\ArgvInput), Object(Symfony\\Component\\Console\\Output\\ConsoleOutput))
#9 /home/wilmer-mouw/Documents/code/school/escape-room-personeelsavond/vendor/laravel/framework/src/Illuminate/Foundation/Console/Kernel.php(198): Symfony\\Component\\Console\\Application->run(Object(Symfony\\Component\\Console\\Input\\ArgvInput), Object(Symfony\\Component\\Console\\Output\\ConsoleOutput))
#10 /home/wilmer-mouw/Documents/code/school/escape-room-personeelsavond/vendor/laravel/framework/src/Illuminate/Foundation/Application.php(1242): Illuminate\\Foundation\\Console\\Kernel->handle(Object(Symfony\\Component\\Console\\Input\\ArgvInput), Object(Symfony\\Component\\Console\\Output\\ConsoleOutput))
#11 /home/wilmer-mouw/Documents/code/school/escape-room-personeelsavond/artisan(16): Illuminate\\Foundation\\Application->handleCommand(Object(Symfony\\Component\\Console\\Input\\ArgvInput))
#12 {main}
"} 
[2026-09-14 10:07:41] local.ERROR: The "-u" option does not exist. {"exception":"[object] (Symfony\\Component\\Console\\Exception\\RuntimeException(code: 0): The \"-u\" option does not exist. at /home/wilmer-mouw/Documents/code/school/escape-room-personeelsavond/vendor/symfony/console/Input/ArgvInput.php:128)
[stacktrace]
#0 /home/wilmer-mouw/Documents/code/school/escape-room-personeelsavond/vendor/symfony/console/Input/ArgvInput.php(110): Symfony\\Component\\Console\\Input\\ArgvInput->parseShortOptionSet('unsecure')
#1 /home/wilmer-mouw/Documents/code/school/escape-room-personeelsavond/vendor/symfony/console/Input/ArgvInput.php(90): Symfony\\Component\\Console\\Input\\ArgvInput->parseShortOption('-unsecure')
#2 /home/wilmer-mouw/Documents/code/school/escape-room-personeelsavond/vendor/symfony/console/Input/ArgvInput.php(77): Symfony\\Component\\Console\\Input\\ArgvInput->parseToken('-unsecure', true)
#3 /home/wilmer-mouw/Documents/code/school/escape-room-personeelsavond/vendor/symfony/console/Input/Input.php(53): Symfony\\Component\\Console\\Input\\ArgvInput->parse()
#4 /home/wilmer-mouw/Documents/code/school/escape-room-personeelsavond/vendor/symfony/console/Command/Command.php(238): Symfony\\Component\\Console\\Input\\Input->bind(Object(Symfony\\Component\\Console\\Input\\InputDefinition))
#5 /home/wilmer-mouw/Documents/code/school/escape-room-personeelsavond/vendor/laravel/framework/src/Illuminate/Console/Command.php(261): Symfony\\Component\\Console\\Command\\Command->run(Object(Symfony\\Component\\Console\\Input\\ArgvInput), Object(Illuminate\\Console\\OutputStyle))
#6 /home/wilmer-mouw/Documents/code/school/escape-room-personeelsavond/vendor/symfony/console/Application.php(1144): Illuminate\\Console\\Command->run(Object(Symfony\\Component\\Console\\Input\\ArgvInput), Object(Symfony\\Component\\Console\\Output\\ConsoleOutput))
#7 /home/wilmer-mouw/Documents/code/school/escape-room-personeelsavond/vendor/symfony/console/Application.php(379): Symfony\\Component\\Console\\Application->doRunCommand(Object(Illuminate\\Foundation\\Console\\ServeCommand), Object(Symfony\\Component\\Console\\Input\\ArgvInput), Object(Symfony\\Component\\Console\\Output\\ConsoleOutput))
#8 /home/wilmer-mouw/Documents/code/school/escape-room-personeelsavond/vendor/symfony/console/Application.php(218): Symfony\\Component\\Console\\Application->doRun(Object(Symfony\\Component\\Console\\Input\\ArgvInput), Object(Symfony\\Component\\Console\\Output\\ConsoleOutput))
#9 /home/wilmer-mouw/Documents/code/school/escape-room-personeelsavond/vendor/laravel/framework/src/Illuminate/Foundation/Console/Kernel.php(198): Symfony\\Component\\Console\\Application->run(Object(Symfony\\Component\\Console\\Input\\ArgvInput), Object(Symfony\\Component\\Console\\Output\\ConsoleOutput))
#10 /home/wilmer-mouw/Documents/code/school/escape-room-personeelsavond/vendor/laravel/framework/src/Illuminate/Foundation/Application.php(1242): Illuminate\\Foundation\\Console\\Kernel->handle(Object(Symfony\\Component\\Console\\Input\\ArgvInput), Object(Symfony\\Component\\Console\\Output\\ConsoleOutput))
#11 /home/wilmer-mouw/Documents/code/school/escape-room-personeelsavond/artisan(16): Illuminate\\Foundation\\Application->handleCommand(Object(Symfony\\Component\\Console\\Input\\ArgvInput))
#12 {main}
"} 
